[x^3 +x*y^2 -2*z,  x^2*y^3 -y*z^2,  x*y^5 -2*y^3*z +x*y*z^2,  x*y^3*z +(-1/2)*x^2*y*z^2 +(-1/2)*y^3*z^2,  y^5*z^2 -4*y^3*z^2 +2*x*y*z^3 +y*z^4]
[
  x^3 +x*y^2 -2*z,
  x^2*y^3 -y*z^2,
  x*y^5 -2*y^3*z +x*y*z^2,
  x*y^3*z +(-1/2)*x^2*y*z^2 +(-1/2)*y^3*z^2,
  y^5*z^2 -4*y^3*z^2 +2*x*y*z^3 +y*z^4
]
[
  x^3 +x*y^2 +(-2*i)*z,
  x^2*y^3 +(-i)*y*z^2,
  x*y^5 +(-2*i)*y^3*z +(i)*x*y*z^2,
  x*y^3*z +(-1/2)*x^2*y*z^2 +(-1/2)*y^3*z^2,
  y^5*z^2 +(-4*i)*y^3*z^2 +(2*i)*x*y*z^3 +(i)*y*z^4
]
[x,  y,  dx,  dy]
x*dx
x*dx +1
[1]
[
  ideal(x -z,  z^2,  y^2 -1,  y +1),
  ideal(x -z,  z^2,  y^2 -1,  y -1)
]
1/3*x -1/100000
0.3333333333333333333*10^20*x -1000000000000000
1/3*x -1/100000
100000000000000000000/3*x -1000000000000000
10000000000000000000000000000000000000000/3*x -100000000000000000000000000000000000
[x^3 +x*y^2 -2*z,  x^2*y^3 -y*z^2,  x*y^5 -2*y^3*z +x*y*z^2,  x*y^3*z -1/2*x^2*y*z^2 -1/2*y^3*z^2,  y^5*z^2 -4*y^3*z^2 +2*x*y*z^3 +y*z^4]
[
  -756*x -899*y +140*z,
  920*x +825*y -948*z,
  -164*x +234*y -626*z
]
ideal(188693329162796553639587095173794470297600000000000000000000*x^20 +3384173838245807755492594641703922565120000000000000000000000*x^19*y +28829850497012519873557837504733144678400000000000000000000000*x^18*y^2 +155117130391534753667512277878727245824000000000000000000000000*x^17*y^3 +591173302647085576137733613382921093120000000000000000000000000*x^16*y^4 +1696410346726419479351757325359686615040000000000000000000000000*x^15*y^5 +3803093847960043669742390742993862656000000000000000000000000000*x^14*y^6 +6820766140363121798994505136891166720000000000000000000000000000*x^13*y^7 +9939227833613380610627183096896435200000000000000000000000000000*x^12*y^8 +11883859366276868121402066746289216000000000000000000000000000000*x^11*y^9 +11722393885756801978448234317671156000000000000000000000000000000*x^10*y^10 +9556299363388697265039321454623225000000000000000000000000000000*x^9*y^11 +6427130685974735252981608858747957031250000000000000000000000000*x^8*y^12 +3546744358481041193116941343456230468750000000000000000000000000*x^7*y^13 +1590252225949379882783411200190972900390625000000000000000000000*x^6*y^14 +570416559307929740563614887025022888183593750000000000000000000*x^5*y^15 +159848390431060474172888003327324688434600830078125000000000000*x^4*y^16 +33727601561540892888141330625330656766891479492187500000000000*x^3*y^17 +5040810015991166056651557566285831853747367858886718750000000*x^2*y^18 +475820167413353775370427344643685501068830490112304687500000*x*y^19 +21334328158479177428293617354947855346836149692535400390625*y^20 -3888723392311546366311490570103416474828800000000000000000000*x^19*z -66256238233134227491231102919968536133632000000000000000000000*x^18*y*z -534731053131545259915642325196485196513280000000000000000000000*x^17*y^2*z -2717247471076058793593073772058226406195200000000000000000000000*x^16*y^3*z -9746648537555428281366460269339290370048000000000000000000000000*x^15*y^4*z -26220603402662701083023901268059503984640000000000000000000000000*x^14*y^5*z -54863762554484456070457619501102766489600000000000000000000000000*x^13*y^6*z -91368610775907731576965523159833411584000000000000000000000000000*x^12*y^7*z -122900712864332410680972646641623746560000000000000000000000000000*x^11*y^8*z -134700962469059979097805165250330374400000000000000000000000000000*x^10*y^9*z -120791623953233133430097023186437564000000000000000000000000000000*x^9*y^10*z -88624289313513440288386402881353647500000000000000000000000000000*x^8*y^11*z -52981912089600426259361436505157071875000000000000000000000000000*x^7*y^12*z -25582821264000205823395676907799505859375000000000000000000000000*x^6*y^13*z -9831907240434861710078307507267667236328125000000000000000000000*x^5*y^14*z -2938885316434333663338624526628922271728515625000000000000000000*x^4*y^15*z -658853365776718823982164465888277411460876464843750000000000000*x^3*y^16*z -104262281348937281928123852498304769396781921386718750000000000*x^2*y^17*z -10388451945999185699360166462693409994244575500488281250000000*x*y^18*z -490301650769412368533875133393710711970925331115722656250000*y^19*z +38067220512128028885870960950381922578595840000000000000000000*x^18*z^2 +614454591962066553212156271862142989447987200000000000000000000*x^17*y*z^2 +4683546550145643156956788974383997514678272000000000000000000000*x^16*y^2*z^2 +22399570457218293359358555964445205504983040000000000000000000000*x^15*y^3*z^2 +75324642502194668565777752733698211446784000000000000000000000000*x^14*y^4*z^2 +189130352369640961290159357407437900480512000000000000000000000000*x^13*y^5*z^2 +367467940066014367724086794962820920770560000000000000000000000000*x^12*y^6*z^2 +564896367492786062184543364927317875097600000000000000000000000000*x^11*y^7*z^2 +696526431385466510098468890858071972352000000000000000000000000000*x^10*y^8*z^2 +694002784894939457525648351398441276800000000000000000000000000000*x^9*y^9*z^2 +560105508461404942622602066210155052200000000000000000000000000000*x^8*y^10*z^2 +365286201170481484319088304050101121000000000000000000000000000000*x^7*y^11*z^2 +191080417731841537313653528613164309218750000000000000000000000000*x^6*y^12*z^2 +79084286603061505827975331658458472460937500000000000000000000000*x^5*y^13*z^2 +25327847999815893753136509556765621032714843750000000000000000000*x^4*y^14*z^2 +6056659304303800680097860980965691986083984375000000000000000000*x^3*y^15*z^2 +1018358137102711051850693337492533129453659057617187500000000000*x^2*y^16*z^2 +107435481216078851378110230617818392813205718994140625000000000*x*y^17*z^2 +5352311111308276110322520547083343844860792160034179687500000*y^18*z^2 -235354728557591552503080462919317799594622976000000000000000000*x^17*z^3 -3587880508717632091147503796134165368820203520000000000000000000*x^16*y*z^3 -25739142779930838914753831580962490689362329600000000000000000000*x^15*y^2*z^3 -115406482573059467960173429642902471840890880000000000000000000000*x^14*y^3*z^3 -362213280901857841016305193580305312435404800000000000000000000000*x^13*y^4*z^3 -844508138624440292369537652423646625189068800000000000000000000000*x^12*y^5*z^3 -1514606987750354872184496876629366229958656000000000000000000000000*x^11*y^6*z^3 -2134325840657526469732035583138431449825280000000000000000000000000*x^10*y^7*z^3 -2392416873019645839033871407729899383296000000000000000000000000000*x^9*y^8*z^3 -2145373826349138931742330338453442381760000000000000000000000000000*x^8*y^9*z^3 -1539072527598295320597758721064426056480000000000000000000000000000*x^7*y^10*z^3 -878275083683809829688938400607417043100000000000000000000000000000*x^6*y^11*z^3 -393791817412577776898572924185390793781250000000000000000000000000*x^5*y^12*z^3 -135818666122649107835001113065613463574218750000000000000000000000*x^4*y^13*z^3 -34798260730181836634744073999730157592773437500000000000000000000*x^3*y^14*z^3 -6240992413565220700796491532560300003051757812500000000000000000*x^2*y^15*z^3 -699567763748818896488737162277479280233383178710937500000000000*x*y^16*z^3 -36901752243783605473350905299163708835840225219726562500000000*y^17*z^3 +1030700218867974309820555635980360233224713011200000000000000000*x^16*z^4 +14788307488105718358294928690152994650615447552000000000000000000*x^15*y*z^4 +99459404981145796023858555728610493913785958400000000000000000000*x^14*y^2*z^4 +416215988236316646404190695168641740834865152000000000000000000000*x^13*y^3*z^4 +1213020780933286965403517718935783334362480640000000000000000000000*x^12*y^4*z^4 +2610631680704248034238005525535707610910556160000000000000000000000*x^11*y^5*z^4 +4291935235940407773679329736274736697285017600000000000000000000000*x^10*y^6*z^4 +5498208959085149710070569926128350582702080000000000000000000000000*x^9*y^7*z^4 +5546766511033591928977443165965081939750400000000000000000000000000*x^8*y^8*z^4 +4421335624736921102808106871421442125888000000000000000000000000000*x^7*y^9*z^4 +2775349264440839061817045345919437856196000000000000000000000000000*x^6*y^10*z^4 +1357507792389540845453989571373638081835000000000000000000000000000*x^5*y^11*z^4 +507220982210765940896531429521400098511718750000000000000000000000*x^4*y^12*z^4 +139952277700294950247370712158914742900390625000000000000000000000*x^3*y^13*z^4 +26893003672999223747068518058487110922241210937500000000000000000*x^2*y^14*z^4 +3215467830467298491497322811340850218963623046875000000000000000*x*y^15*z^4 +180214739139641389638946421151915858060121536254882812500000000*y^16*z^4 -3398621939084659637251779975336979134250531946496000000000000000*x^15*z^5 -45715159234970285881511714342168605202554709606400000000000000000*x^14*y*z^5 -286962004980384131484489293832634451135601573888000000000000000000*x^13*y^2*z^5 -1115096921527036163105488288534421916097582202880000000000000000000*x^12*y^3*z^5 -2999853131281972286615308167524667654719039078400000000000000000000*x^11*y^4*z^5 -5918188514431282282833461221801382384038104268800000000000000000000*x^10*y^5*z^5 -8845118703633709933582618673887935628317818880000000000000000000000*x^9*y^6*z^5 -10197982356285760288330891871679801559046553600000000000000000000000*x^8*y^7*z^5 -9144929830364948084644549776234604658927616000000000000000000000000*x^7*y^8*z^5 -6378257218642219225703173304076671727694080000000000000000000000000*x^6*y^9*z^5 -3431779699160759257307685636432557070878880000000000000000000000000*x^5*y^10*z^5 -1398823246940526871185197949632835762586500000000000000000000000000*x^4*y^11*z^5 -418126514031135749539053734944597646425312500000000000000000000000*x^3*y^12*z^5 -86527016908617138805113544647815984523632812500000000000000000000*x^2*y^13*z^5 -11084594557392723527052589182367730936645507812500000000000000000*x*y^14*z^5 -662665978974564993465100440250244784255981445312500000000000000*y^15*z^5 +8755145647424612326398607110378957117580174688256000000000000000*x^14*z^6 +109915143725819861271634687092257559465272845271040000000000000000*x^13*y*z^6 +640673867640988050075153271230686046339701774745600000000000000000*x^12*y^2*z^6 +2298069307842674527443484559849199948827191148544000000000000000000*x^11*y^3*z^6 +5667113850182682428410223472997687373806184693760000000000000000000*x^10*y^4*z^6 +10163845492175463050953118185267591485630657331200000000000000000000*x^9*y^5*z^6 +13671476952790364701689656254639830938552107008000000000000000000000*x^8*y^6*z^6 +14011140976462175004837225354133988228950917120000000000000000000000*x^7*y^7*z^6 +10993796078677861501757469622299426905189068800000000000000000000000*x^6*y^8*z^6 +6572378090513938941268052491592048693319552000000000000000000000000*x^5*y^9*z^6 +2946854306888043275296817013893174006515560000000000000000000000000*x^4*y^10*z^6 +960930752246101068031570765399948045602900000000000000000000000000*x^3*y^11*z^6 +215426051794302549219034206917107917832171875000000000000000000000*x^2*y^12*z^6 +29720149286003278111321608813815055553769531250000000000000000000*x*y^13*z^6 +1903658630508750344863379446537066834771728515625000000000000000*y^14*z^6 -18043213203822896707447564218780981190143490444492800000000000000*x^13*z^7 -210340719142391920855842528528723938330748842409984000000000000000*x^12*y*z^7 -1131724521472652182865674474149112494279572576010240000000000000000*x^11*y^2*z^7 -3721159432016057449096375309022897059995333741772800000000000000000*x^10*y^3*z^7 -8342273183188172270392689211804049115478669393920000000000000000000*x^9*y^4*z^7 -13465517040254821545144721173401101017919373967360000000000000000000*x^8*y^5*z^7 -16100074722043808369194775316023055564903599308800000000000000000000*x^7*y^6*z^7 -14437567006180589026723575690998935696788553728000000000000000000000*x^6*y^7*z^7 -9710048462037216804657839629136512459117301760000000000000000000000*x^5*y^8*z^7 -4837433563514917792175554163066197330176192000000000000000000000000*x^4*y^9*z^7 -1735166386912959642845579210665049042345808000000000000000000000000*x^3*y^10*z^7 -424361344625452086565494915651778298399790000000000000000000000000*x^2*y^11*z^7 -63423570528260502068212555328390778293446875000000000000000000000*x*y^12*z^7 -4374953652660109883467839309859731780275390625000000000000000000*y^13*z^7 +30212576022270839541111926825034892960234833727979520000000000000*x^12*z^8 +325113589804870990714139212573745043811222667290214400000000000000*x^11*y*z^8 +1603481427977828391701528996797139278579807448727552000000000000000*x^10*y^2*z^8 +4793015137977204431716526892600144582711380960870400000000000000000*x^9*y^3*z^8 +9670689510728462746058481569988063458323914031104000000000000000000*x^8*y^4*z^8 +13875337124088663939996951817808960614116920131584000000000000000000*x^7*y^5*z^8 +14516317371668846785051158831131657164225582202880000000000000000000*x^6*y^6*z^8 +11157728414559129128261372082935047043931154022400000000000000000000*x^5*y^7*z^8 +6253482297562011909521489108981938730464131840000000000000000000000*x^4*y^8*z^8 +2492329901202251123360013775318888624460342400000000000000000000000*x^3*y^9*z^8 +670490924508214296773481966729809711471668200000000000000000000000*x^2*y^10*z^8 +109319172474165374473937277184208105131250250000000000000000000000*x*y^11*z^8 +8169231638694423364220856311319899160623320312500000000000000000*y^12*z^8 -41509452274076457804310299463960983371453075904528384000000000000*x^11*z^9 -409454651507873754971865182212441221843409417210429440000000000000*x^10*y*z^9 -1835870040728238303542330300680782652287025919557632000000000000000*x^9*y^2*z^9 -4938889511741728044855725537157540287402596903157760000000000000000*x^8*y^3*z^9 -8857790972145490515230377322076023341537266185011200000000000000000*x^7*y^4*z^9 -11120378883508740809881615007606311912473415699660800000000000000000*x^6*y^5*z^9 -9972078890102946921904709110081747095424530382848000000000000000000*x^5*y^6*z^9 -6387395251812834790816292714143976206308414259200000000000000000000*x^4*y^7*z^9 -2863913631926950381751870374548250201198066176000000000000000000000*x^3*y^8*z^9 -856061139978164516284526470653009571010291520000000000000000000000*x^2*y^9*z^9 -153532704452605592594507464845376716539889240000000000000000000000*x*y^10*z^9 -12516253080375455918030499851525275804882275000000000000000000000*y^11*z^9 +47050061773268402389494326392411427673642682123089346560000000000*x^10*z^10 +421916314814635130123182818192819867725600138603790336000000000000*x^9*y*z^10 +1702569911684057522372082839718308433620967950615838720000000000000*x^8*y^2*z^10 +4071362832287963640454980703674215819528401621037875200000000000000*x^7*y^3*z^10 +6389163140343203810768346077097444662439271565623296000000000000000*x^6*y^4*z^10 +6875295118412795405065937626441815451972694402138112000000000000000*x^5*y^5*z^10 +5137788471639996566285687084976900133946986305945600000000000000000*x^4*y^6*z^10 +2632717695095029296388628475221082366774076833792000000000000000000*x^3*y^7*z^10 +885322866217418139750252102740785170892097848320000000000000000000*x^2*y^8*z^10 +176423034934630426399506759604141972460381817600000000000000000000*x*y^9*z^10 +15820543893594576280390551812327948617371195600000000000000000000*y^10*z^10 -44074563795512297890553973735183827504558559933486858240000000000*x^9*z^11 -355710474110520447649307885851891216544942725550152089600000000000*x^8*y*z^11 -1275918004961649431785560894903522841954685863386415104000000000000*x^7*y^2*z^11 -2669719738642581691507831220314436381263880746759618560000000000000*x^6*y^3*z^11 -3591063235402385699174936016455559806319622200125030400000000000000*x^5*y^4*z^11 -3220246923051052393281871971278083521971400342503424000000000000000*x^4*y^5*z^11 -1925147617041390017722858243698854279439424117800960000000000000000*x^3*y^6*z^11 -739866514313267126376409029992960301492635821670400000000000000000*x^2*y^7*z^11 -165866813670773200886015611343530502372669715456000000000000000000*x*y^8*z^11 -16526584695457474725961700405605394258146439040000000000000000000*y^9*z^11 +34061972672401351956721603614908371038849060992075169792000000000*x^8*z^12 +244357630041140133602568025933038313974351959290974044160000000000*x^7*y*z^12 +766937670373687104105886059653965360435805741796399513600000000000*x^6*y^2*z^12 +1375486039257156219320339128727220483390303776047890432000000000000*x^5*y^3*z^12 +1541815193460806903450108398369506655974185618531942400000000000000*x^4*y^4*z^12 +1106084812700144082909860372743341731459741856772915200000000000000*x^3*y^5*z^12 +495934766563923298043823264952857026333851647737856000000000000000*x^2*y^6*z^12 +127064031805974136921165898629225790908517891112960000000000000000*x*y^7*z^12 +14242911173903350945646992713194467051566203827200000000000000000*y^8*z^12 -21599163942097981040115103830724505514935725632432950476800000000*x^7*z^13 -135581708440886783159418178937428281900819364703587270656000000000*x^6*y*z^13 -364744269990429117738652166163190214896226008305846190080000000000*x^5*y^2*z^13 -545134099170478300968094270080854940741642131978846208000000000000*x^4*y^3*z^13 -488843078060483259020301926974679702295494303133204480000000000000*x^3*y^4*z^13 -263018830043412188277227667230941796343771391359713280000000000000*x^2*y^5*z^13 -78619758980367773669823487487509776081018622417305600000000000000*x*y^6*z^13 -10071630614721026906460307015092479078701919797248000000000000000*y^7*z^13 +11128264900602655448928868712786321319651667336710020136960000000*x^6*z^14 +59874903541286026600215108835100315795951905779037608345600000000*x^5*y*z^14 +134230422341198293329286589100428697096903049640505507840000000000*x^4*y^2*z^14 +160492896277519698545886139141816920441949298483213107200000000000*x^3*y^3*z^14 +107940195186647079864420704993477412525495791778791424000000000000*x^2*y^4*z^14 +38717678708253843864411774617225593623275664442392576000000000000*x*y^5*z^14 +5786609589548808186257194575944042525217830283509760000000000000*y^6*z^14 -4586780489465790158949811973791927222186861145739608299929600000*x^5*z^15 -20565727738093896093117363469447499773392176332799874170880000000*x^4*y*z^15 -36884185617233617993090923613683015897931620596869339545600000000*x^3*y^2*z^15 -33075492537193190048152186936183139256297377165670875136000000000*x^2*y^3*z^15 -14830044208252381407459540338234287981763769653086126080000000000*x*y^4*z^15 -2659736189523524926337852343270279909772849992129576960000000000*y^5*z^15 +1476993173917652537596610649169411347361801754810172781363200000*x^4*z^16 +5297910297748101493553059937238105919884723685732141498368000000*x^3*y*z^16 +7126265210286169128556425730795821821584071262058179461120000000*x^2*y^2*z^16 +4260267245279775022506558860801850002033955645795650764800000000*x*y^3*z^16 +955087086237993041730410614174327785782068860810166272000000000*y^4*z^16 -358104738842438518066902019287110475012528916511520152616960000*x^3*z^17 -963379596342429708929980975799563506147835943876100410572800000*x^2*y*z^17 -863900181502722293333950331559391187578222449671503085568000000*x*y^2*z^17 -258231032514400685507430805629165844113055623543112335360000000*y^3*z^17 +61500596453375310711489694616699407665195183487848026210304000*x^2*z^18 +110299982769640502906476082736471763747360926907553525268480000*x*y*z^18 +49455155317909464618392808835646307114985198205832423014400000*y^2*z^18 -6670774077551463907836639644923459778787761321107543346380800*x*z^19 -5981944145630388830396986638110711214673807706427960066048000*y*z^19 +343689881821673249164626868662360862515804224587497341976576*z^20 +4804764054256619466088513536*x^11 -12565459381923339480597528576*x^10*y -29900443164639767219569950720*x^9*y^2 +92394397821496052429462568960*x^8*y^3 +70210742633589524521801236480*x^7*y^4 -274200946115166224476744978432*x^6*y^5 -73776223037443664282002219008*x^5*y^6 +411311838166361203239047992320*x^4*y^7 +29316695856587413474757207040*x^3*y^8 -312494293326492799801101838080*x^2*y^9 -43993578244838455956962304*x*y^10 +96403677927642569019190958784*y^11 +105591960173401118672991289344*x^10*z -113845154090575923578473021440*x^9*y*z -863820734042501355691659755520*x^8*y^2*z +778207496667146302825284894720*x^7*y^3*z +2900669726863204797354776330240*x^6*y^4*z -2011248651973895899077378674688*x^5*y^5*z -5007734972552728516954670069760*x^4*y^6*z +2329730597417043927285694494720*x^3*y^7*z +4446558525093699588120989844480*x^2*y^8*z -1020640061639243084402019421440*x*y^9*z -1622466668077800441271785910656*y^10*z +949842694048929252663691837440*x^9*z^2 +484410817700260740883175178240*x^8*y*z^2 -7432283550843208543030044917760*x^7*y^2*z^2 -4424691434560680093539660431360*x^6*y^3*z^2 +21912872592220264848729834762240*x^5*y^4*z^2 +14767773921972137413435102786560*x^4*y^5*z^2 -28841687367986554995829742346240*x^3*y^6*z^2 -21500984124876627178767898698240*x^2*y^7*z^2 +14293022599240661041381588527360*x*y^8*z^2 +11577335018867972580509578301760*y^9*z^2 +4409464278716665758662268026880*x^8*z^3 +9691467955428578149805795573760*x^7*y*z^3 -21569641202380628382963407912960*x^6*y^2*z^3 -59161129659069854230430281236480*x^5*y^3*z^3 +22024848151259508102554837913600*x^4*y^4*z^3 +120427892688616328543135268382720*x^3*y^5*z^3 +29623678961995010530407726627840*x^2*y^6*z^3 -81736302662600103008711669629440*x*y^7*z^3 -45351819884061344285733537745920*y^8*z^3 +10704477507235410177675397693440*x^7*z^4 +44214942680721363942004781547520*x^6*y*z^4 +15012661459643909269450091888640*x^5*y^2*z^4 -154542658226331011354524404326400*x^4*y^3*z^4 -194315629061868388659995723801600*x^3*y^4*z^4 +79613173265370434881022295701760*x^2*y^5*z^4 +243042761682878349898658144724480*x*y^6*z^4 +105377847725611812552149841572160*y^7*z^4 +10960411046051827403050683203584*x^6*z^5 +77516301499760617725872504242176*x^5*y*z^5 +166395894948307172737609699983360*x^4*y^2*z^5 +35796390783482714917066141573120*x^3*y^3*z^5 -312324513405707970041514286295040*x^2*y^4*z^5 -394165412442031749579956217295104*x*y^5*z^5 -146275607275387711967969231412096*y^6*z^5 -1854947104906648984737478017024*x^5*z^6 +20702048416338942756814596587520*x^4*y*z^6 +153892206693325078009468044124160*x^3*y^2*z^6 +347803461270404291402356526192640*x^2*y^3*z^6 +332410018399031019496347179777280*x*y^4*z^6 +116437788292394666897656783135424*y^5*z^6 -6689817269030738508090610483200*x^4*z^7 -47938251973555140634541822771200*x^3*y*z^7 -120271432490682975492738946867200*x^2*y^2*z^7 -128219624607347750277460365619200*x*y^3*z^7 -49643453644213978884196186259200*y^4*z^7 +3701725196243681902710603776000*x^3*z^8 +16625063299723254844215078912000*x^2*y*z^8 +24427607484524465302392450048000*x*y^2*z^8 +11784434489050966758819179264000*y^3*z^8 -809755152634676288198000640000*x^2*z^9 -2267752890177845526635397120000*x*y*z^9 -1574445499562870790871178240000*y^2*z^9 +82300096570099019368243200000*x*z^10 +111176332147579196451788800000*y*z^10 -3236578744370020487782400000*z^11,  -2521013289984*x^5 +4795423395840*x^4*y +6702624095680*x^3*y^2 -14036480958240*x^2*y^3 -4356469494000*x*y^4 +10355401825704*y^5 -27934967950848*x^4*z +10836367720192*x^3*y*z +97283200122912*x^2*y^2*z -19214600023008*x*y^3*z -86334001924248*y^4*z -99588202902272*x^3*z^2 -122273973394944*x^2*y*z^2 +203068835103504*x*y^2*z^2 +248469577262712*y^3*z^2 -100383469339776*x^2*z^3 -340327892159808*x*y*z^3 -269526231407816*y^2*z^3 +48149208468480*x*z^4 +67142434985920*y*z^4 -4808161769600*z^5 -24744320*x^3 +48422640*x^2*y +12944880*x*y^2 -45173700*y^3 -163404352*x^2*z +27374064*x*y*z +293607288*y^2*z -165874976*x*z^2 -601031364*y*z^2 +371498448*z^3)
ideal(x^5,  x^4*y^16,  x^3*y^18,  x^2*y^20,  x*y^22,  y^24)
x^5 -14740/7749*x^4*y -2554353695/960752016*x^3*y^2 +16245927035/2917839456*x^2*y^3 +1120491125/648408768*x*y^4 -1775617597/432272512*y^5 +24533/2214*x^4*z -147489761/34312572*x^3*y*z -1013366667947/26260555104*x^2*y^2*z +22239120397/2917839456*x*y^3*z +44410494817/1296817536*y^4*z +193636843/4901796*x^3*z^2 +11372207347/234469242*x^2*y*z^2 -4230600731323/52521110208*x*y^2*z^2 -1150322116957/11671357824*y^3*z^2 +5335005811/133982424*x^2*z^3 +253220157857/1875753936*x*y*z^3 +33690778925977/315126661248*y^2*z^3 -319868785/16747803*x*z^4 -149871506665/5627261808*y*z^4 +766607425/401947272*z^5 +115/11716488*x^3 -3515/183000384*x^2*y -29965/5835678912*x*y^2 +46475/2593635072*y^3 +62273/960752016*x^2*z -570293/52521110208*x*y*z -1359293/11671357824*y^2*z +5183593/78781665312*x*z^2 +50085947/210084440832*y*z^2 -7739551/52521110208*z^3
ideal(x^5,  x^4*y^16,  x^3*y^18,  x^2*y^20,  x*y^22,  y^24)
ideal(x^2*y +(49/51)*y^3 +(-4900/51)*y,  x^3 +(51/49)*x*y^2 -100*x,  y^4 +(-2499/2)*x^2 +(-2699/2)*y^2 +124950,  x*y^3 -49*x*y)
-5293
-1806
-15893
record[modulus := 289648273, residue := 79571122]
record[modulus := 10018644114797, residue := -2362581391739]
record[ReconstructedRat := 1/1234, failed := false]
